Copyright 1986-2020 Xilinx, Inc. All Rights Reserved.
------------------------------------------------------------------------------------
| Tool Version : Vivado v.2020.1 (win64) Build 2902540 Wed May 27 19:54:49 MDT 2020
| Date         : Fri Feb 24 16:58:23 2023
| Host         : LAPTOP-IKSDAQTG running 64-bit major release  (build 9200)
| Command      : report_control_sets -verbose -file Clock_control_sets_placed.rpt
| Design       : Clock
| Device       : xc7a100t
------------------------------------------------------------------------------------

Control Set Information

Table of Contents
-----------------
1. Summary
2. Histogram
3. Flip-Flop Distribution
4. Detailed Control Set Information

1. Summary
----------

+----------------------------------------------------------+-------+
|                          Status                          | Count |
+----------------------------------------------------------+-------+
| Total control sets                                       |   106 |
|    Minimum number of control sets                        |   106 |
|    Addition due to synthesis replication                 |     0 |
|    Addition due to physical synthesis replication        |     0 |
| Unused register locations in slices containing registers |   704 |
+----------------------------------------------------------+-------+
* Control sets can be merged at opt_design using control_set_merge or merge_equivalent_drivers
** Run report_qor_suggestions for automated merging and remapping suggestions


2. Histogram
------------

+--------------------+-------+
|       Fanout       | Count |
+--------------------+-------+
| Total control sets |   106 |
| >= 0 to < 4        |    98 |
| >= 4 to < 6        |     0 |
| >= 6 to < 8        |     0 |
| >= 8 to < 10       |     1 |
| >= 10 to < 12      |     1 |
| >= 12 to < 14      |     0 |
| >= 14 to < 16      |     5 |
| >= 16              |     1 |
+--------------------+-------+
* Control sets can be remapped at either synth_design or opt_design


3. Flip-Flop Distribution
-------------------------

+--------------+-----------------------+------------------------+-----------------+--------------+
| Clock Enable | Synchronous Set/Reset | Asynchronous Set/Reset | Total Registers | Total Slices |
+--------------+-----------------------+------------------------+-----------------+--------------+
| No           | No                    | No                     |              86 |           25 |
| No           | No                    | Yes                    |             129 |           54 |
| No           | Yes                   | No                     |              46 |           46 |
| Yes          | No                    | No                     |               0 |            0 |
| Yes          | No                    | Yes                    |              35 |           29 |
| Yes          | Yes                   | No                     |               0 |            0 |
+--------------+-----------------------+------------------------+-----------------+--------------+


4. Detailed Control Set Information
-----------------------------------

+-------------------------------+---------------+------------------------------+------------------+----------------+--------------+
|          Clock Signal         | Enable Signal |       Set/Reset Signal       | Slice Load Count | Bel Load Count | Bels / Slice |
+-------------------------------+---------------+------------------------------+------------------+----------------+--------------+
|  hou/CO3                      |               | week/Q_reg[7]_LDC_i_2__1_n_0 |                1 |              1 |         1.00 |
|  h_a/Q_reg[6]_LDC_i_1__2_n_0  |               | h_a/Q_reg[6]_LDC_i_2__2_n_0  |                1 |              1 |         1.00 |
|  h_a/Q_reg[5]_LDC_i_1__2_n_0  |               | h_a/Q_reg[5]_LDC_i_2__2_n_0  |                1 |              1 |         1.00 |
|  LD_reg[3]_i_1_n_0            |               | LD2_reg[1]_i_2_n_0           |                1 |              1 |         1.00 |
|  h_a/Q_reg[2]_LDC_i_1__2_n_0  |               | h_a/Q_reg[2]_LDC_i_2__2_n_0  |                1 |              1 |         1.00 |
|  h_a/Q_reg[3]_LDC_i_1__2_n_0  |               | h_a/Q_reg[3]_LDC_i_2__2_n_0  |                1 |              1 |         1.00 |
|  h_a/Q_reg[7]_LDC_i_1__2_n_0  |               | h_a/Q_reg[7]_LDC_i_2__2_n_0  |                1 |              1 |         1.00 |
|  h_a/Q_reg[0]_LDC_i_1__2_n_0  |               | h_a/Q_reg[0]_LDC_i_2__2_n_0  |                1 |              1 |         1.00 |
|  h_a/Q_reg[1]_LDC_i_1__2_n_0  |               | h_a/Q_reg[1]_LDC_i_2__2_n_0  |                1 |              1 |         1.00 |
|  h_a/Q_reg[4]_LDC_i_1__2_n_0  |               | h_a/Q_reg[4]_LDC_i_2__2_n_0  |                1 |              1 |         1.00 |
|  hou/CO3                      |               | week/Q_reg[6]_LDC_i_2__1_n_0 |                1 |              1 |         1.00 |
|  hou/CO3                      |               | week/Q_reg[3]_LDC_i_2__1_n_0 |                1 |              1 |         1.00 |
|  hou/CO3                      |               | week/Q_reg[2]_LDC_i_2__1_n_0 |                1 |              1 |         1.00 |
|  hou/Q_reg[0]_LDC_i_1__0_n_0  |               | hou/Q_reg[0]_LDC_i_2__0_n_0  |                1 |              1 |         1.00 |
|  hou/CO3                      |               | week/Q_reg[5]_LDC_i_2__1_n_0 |                1 |              1 |         1.00 |
|  hou/CO3                      |               | week/Q_reg[0]_LDC_i_2__1_n_0 |                1 |              1 |         1.00 |
|  hou/CO3                      |               | week/Q_reg[4]_LDC_i_2__1_n_0 |                1 |              1 |         1.00 |
|  hou/CO3                      |               | week/Q_reg[1]_LDC_i_2__1_n_0 |                1 |              1 |         1.00 |
|  hou/CO3                      | EN_IBUF       | week/Q_reg[0]_LDC_i_1__1_n_0 |                1 |              1 |         1.00 |
|  hou/CO3                      | EN_IBUF       | week/Q_reg[2]_LDC_i_1__1_n_0 |                1 |              1 |         1.00 |
|  hou/CO3                      | EN_IBUF       | week/Q_reg[7]_LDC_i_1__1_n_0 |                1 |              1 |         1.00 |
|  hou/CO3                      | EN_IBUF       | week/Q_reg[5]_LDC_i_1__1_n_0 |                1 |              1 |         1.00 |
|  hou/CO3                      | EN_IBUF       | week/Q_reg[4]_LDC_i_1__1_n_0 |                1 |              1 |         1.00 |
|  hou/CO3                      | EN_IBUF       | week/Q_reg[1]_LDC_i_1__1_n_0 |                1 |              1 |         1.00 |
|  hou/CO3                      | EN_IBUF       | week/Q_reg[6]_LDC_i_1__1_n_0 |                1 |              1 |         1.00 |
|  hou/CO3                      | EN_IBUF       | week/Q_reg[3]_LDC_i_1__1_n_0 |                1 |              1 |         1.00 |
|  LD2_reg[0]_i_1_n_0           |               | LD2_reg[1]_i_2_n_0           |                1 |              1 |         1.00 |
|  hou/Q_reg[1]_LDC_i_1__0_n_0  |               | hou/Q_reg[1]_LDC_i_2__0_n_0  |                1 |              1 |         1.00 |
|  hou/Q_reg[3]_LDC_i_1__0_n_0  |               | hou/Q_reg[3]_LDC_i_2__0_n_0  |                1 |              1 |         1.00 |
|  hou/Q_reg[5]_LDC_i_1__0_n_0  |               | hou/Q_reg[5]_LDC_i_2__0_n_0  |                1 |              1 |         1.00 |
|  hou/Q_reg[6]_LDC_i_1__0_n_0  |               | hou/Q_reg[6]_LDC_i_2__0_n_0  |                1 |              1 |         1.00 |
|  hou/Q_reg[7]_LDC_i_1__0_n_0  |               | hou/Q_reg[7]_LDC_i_2__0_n_0  |                1 |              1 |         1.00 |
|  hou/Q_reg[2]_LDC_i_1__0_n_0  |               | hou/Q_reg[2]_LDC_i_2__0_n_0  |                1 |              1 |         1.00 |
|  hou/Q_reg[4]_LDC_i_1__0_n_0  |               | hou/Q_reg[4]_LDC_i_2__0_n_0  |                1 |              1 |         1.00 |
|  week/Q_reg[0]_LDC_i_1__1_n_0 |               | week/Q_reg[0]_LDC_i_2__1_n_0 |                1 |              1 |         1.00 |
|  week/Q_reg[2]_LDC_i_1__1_n_0 |               | week/Q_reg[2]_LDC_i_2__1_n_0 |                1 |              1 |         1.00 |
|  week/Q_reg[7]_LDC_i_1__1_n_0 |               | week/Q_reg[7]_LDC_i_2__1_n_0 |                1 |              1 |         1.00 |
|  week/Q_reg[5]_LDC_i_1__1_n_0 |               | week/Q_reg[5]_LDC_i_2__1_n_0 |                1 |              1 |         1.00 |
|  week/Q_reg[4]_LDC_i_1__1_n_0 |               | week/Q_reg[4]_LDC_i_2__1_n_0 |                1 |              1 |         1.00 |
|  week/Q_reg[1]_LDC_i_1__1_n_0 |               | week/Q_reg[1]_LDC_i_2__1_n_0 |                1 |              1 |         1.00 |
|  week/Q_reg[6]_LDC_i_1__1_n_0 |               | week/Q_reg[6]_LDC_i_2__1_n_0 |                1 |              1 |         1.00 |
|  week/Q_reg[3]_LDC_i_1__1_n_0 |               | week/Q_reg[3]_LDC_i_2__1_n_0 |                1 |              1 |         1.00 |
|  LD_reg[1]_i_1_n_0            |               | LD2_reg[1]_i_2_n_0           |                1 |              1 |         1.00 |
|  m_a/Q_reg[4]_LDC_i_1__3_n_0  |               | m_a/Q_reg[4]_LDC_i_2__3_n_0  |                1 |              1 |         1.00 |
|  m_a/Q_reg[3]_LDC_i_1__3_n_0  |               | m_a/Q_reg[3]_LDC_i_2__3_n_0  |                1 |              1 |         1.00 |
|  m_a/Q_reg[2]_LDC_i_1__3_n_0  |               | m_a/Q_reg[2]_LDC_i_2__3_n_0  |                1 |              1 |         1.00 |
|  m_a/Q_reg[0]_LDC_i_1__3_n_0  |               | m_a/Q_reg[0]_LDC_i_2__3_n_0  |                1 |              1 |         1.00 |
|  m_a/Q_reg[1]_LDC_i_1__3_n_0  |               | m_a/Q_reg[1]_LDC_i_2__3_n_0  |                1 |              1 |         1.00 |
|  m_a/Q_reg[5]_LDC_i_1__3_n_0  |               | m_a/Q_reg[5]_LDC_i_2__3_n_0  |                1 |              1 |         1.00 |
|  LD2_reg[1]_i_1_n_0           |               | LD2_reg[1]_i_2_n_0           |                1 |              1 |         1.00 |
|  m_a/Q_reg[6]_LDC_i_1__3_n_0  |               | m_a/Q_reg[6]_LDC_i_2__3_n_0  |                1 |              1 |         1.00 |
|  m_a/Q_reg[7]_LDC_i_1__3_n_0  |               | m_a/Q_reg[7]_LDC_i_2__3_n_0  |                1 |              1 |         1.00 |
|  minu/Q_reg[0]_LDC_i_1_n_0    |               | minu/Q_reg[0]_LDC_i_2_n_0    |                1 |              1 |         1.00 |
|  minu/Q_reg[4]_LDC_i_1_n_0    |               | minu/Q_reg[4]_LDC_i_2_n_0    |                1 |              1 |         1.00 |
|  minu/Q_reg[3]_LDC_i_1_n_0    |               | minu/Q_reg[3]_LDC_i_2_n_0    |                1 |              1 |         1.00 |
|  minu/Q_reg[1]_LDC_i_1_n_0    |               | minu/Q_reg[1]_LDC_i_2_n_0    |                1 |              1 |         1.00 |
|  minu/Q_reg[2]_LDC_i_1_n_0    |               | minu/Q_reg[2]_LDC_i_2_n_0    |                1 |              1 |         1.00 |
|  minu/CO2                     |               | hou/Q_reg[0]_LDC_i_2__0_n_0  |                1 |              1 |         1.00 |
|  minu/CO2                     |               | hou/Q_reg[1]_LDC_i_2__0_n_0  |                1 |              1 |         1.00 |
|  minu/CO2                     |               | hou/Q_reg[4]_LDC_i_2__0_n_0  |                1 |              1 |         1.00 |
|  minu/CO2                     |               | hou/Q_reg[5]_LDC_i_2__0_n_0  |                1 |              1 |         1.00 |
|  minu/CO2                     |               | hou/Q_reg[3]_LDC_i_2__0_n_0  |                1 |              1 |         1.00 |
|  minu/CO2                     |               | hou/Q_reg[7]_LDC_i_2__0_n_0  |                1 |              1 |         1.00 |
|  minu/CO2                     |               | hou/Q_reg[6]_LDC_i_2__0_n_0  |                1 |              1 |         1.00 |
|  minu/CO2                     |               | hou/Q_reg[2]_LDC_i_2__0_n_0  |                1 |              1 |         1.00 |
|  minu/CO2                     | EN_IBUF       | hou/CO_i_2__1_n_0            |                1 |              1 |         1.00 |
|  minu/CO2                     | EN_IBUF       | hou/Q_reg[0]_LDC_i_1__0_n_0  |                1 |              1 |         1.00 |
|  minu/CO2                     | EN_IBUF       | hou/Q_reg[1]_LDC_i_1__0_n_0  |                1 |              1 |         1.00 |
|  minu/CO2                     | EN_IBUF       | hou/Q_reg[3]_LDC_i_1__0_n_0  |                1 |              1 |         1.00 |
|  minu/CO2                     | EN_IBUF       | hou/Q_reg[5]_LDC_i_1__0_n_0  |                1 |              1 |         1.00 |
|  minu/CO2                     | EN_IBUF       | hou/Q_reg[6]_LDC_i_1__0_n_0  |                1 |              1 |         1.00 |
|  minu/CO2                     | EN_IBUF       | hou/Q_reg[7]_LDC_i_1__0_n_0  |                1 |              1 |         1.00 |
|  minu/CO2                     | EN_IBUF       | hou/Q_reg[2]_LDC_i_1__0_n_0  |                1 |              1 |         1.00 |
|  minu/CO2                     | EN_IBUF       | hou/Q_reg[4]_LDC_i_1__0_n_0  |                1 |              1 |         1.00 |
|  minu/Q_reg[5]_LDC_i_1_n_0    |               | minu/Q_reg[5]_LDC_i_2_n_0    |                1 |              1 |         1.00 |
|  minu/Q_reg[6]_LDC_i_1_n_0    |               | minu/Q_reg[6]_LDC_i_2_n_0    |                1 |              1 |         1.00 |
|  minu/Q_reg[7]_LDC_i_1_n_0    |               | minu/Q_reg[7]_LDC_i_2_n_0    |                1 |              1 |         1.00 |
|  sec/CO1                      |               | minu/Q_reg[3]_LDC_i_2_n_0    |                1 |              1 |         1.00 |
|  sec/CO1                      |               | minu/Q_reg[2]_LDC_i_2_n_0    |                1 |              1 |         1.00 |
|  sec/CO1                      |               | minu/Q_reg[1]_LDC_i_2_n_0    |                1 |              1 |         1.00 |
|  sec/CO1                      |               | minu/Q_reg[4]_LDC_i_2_n_0    |                1 |              1 |         1.00 |
|  sec/CO1                      |               | minu/Q_reg[5]_LDC_i_2_n_0    |                1 |              1 |         1.00 |
|  sec/CO1                      |               | minu/Q_reg[0]_LDC_i_2_n_0    |                1 |              1 |         1.00 |
|  sec/CO1                      |               | minu/Q_reg[6]_LDC_i_2_n_0    |                1 |              1 |         1.00 |
|  sec/CO1                      |               | minu/Q_reg[7]_LDC_i_2_n_0    |                1 |              1 |         1.00 |
|  sec/CO1                      | EN_IBUF       | minu/CO_i_2__0_n_0           |                1 |              1 |         1.00 |
|  sec/CO1                      | EN_IBUF       | minu/Q_reg[0]_LDC_i_1_n_0    |                1 |              1 |         1.00 |
|  sec/CO1                      | EN_IBUF       | minu/Q_reg[4]_LDC_i_1_n_0    |                1 |              1 |         1.00 |
|  sec/CO1                      | EN_IBUF       | minu/Q_reg[3]_LDC_i_1_n_0    |                1 |              1 |         1.00 |
|  sec/CO1                      | EN_IBUF       | minu/Q_reg[1]_LDC_i_1_n_0    |                1 |              1 |         1.00 |
|  sec/CO1                      | EN_IBUF       | minu/Q_reg[2]_LDC_i_1_n_0    |                1 |              1 |         1.00 |
|  sec/CO1                      | EN_IBUF       | minu/Q_reg[5]_LDC_i_1_n_0    |                1 |              1 |         1.00 |
|  sec/CO1                      | EN_IBUF       | minu/Q_reg[6]_LDC_i_1_n_0    |                1 |              1 |         1.00 |
|  sec/CO1                      | EN_IBUF       | minu/Q_reg[7]_LDC_i_1_n_0    |                1 |              1 |         1.00 |
|  LD_reg[0]_i_1_n_0            |               | LD2_reg[1]_i_2_n_0           |                1 |              1 |         1.00 |
|  LD_reg[2]_i_1_n_0            |               | LD2_reg[1]_i_2_n_0           |                1 |              1 |         1.00 |
|  utt/utt/CLK                  |               | utt/utt/reset                |                2 |              3 |         1.50 |
| ~NEXT_CP_ini_IBUF_BUFG        |               | SET_IBUF                     |                2 |              3 |         1.50 |
|  div1s/CP_1S                  | EN_IBUF       | sec/Q[7]_i_2_n_0             |                3 |              9 |         3.00 |
|  week/E[0]                    |               |                              |                3 |             11 |         3.67 |
|  h_a/E[0]                     |               |                              |                4 |             15 |         3.75 |
|  u1/BCD_reg[7]_i_2__0_n_0     |               |                              |                5 |             15 |         3.00 |
|  m_a/E[0]                     |               |                              |                5 |             15 |         3.00 |
|  sec/E[0]                     |               |                              |                4 |             15 |         3.75 |
|  minu/E[0]                    |               |                              |                4 |             15 |         3.75 |
|  CLK_IBUF_BUFG                |               | utt/utt/reset                |               26 |             99 |         3.81 |
+-------------------------------+---------------+------------------------------+------------------+----------------+--------------+


